running egg_info
writing ../../build/rov_vision/rov_vision.egg-info/PKG-INFO
writing dependency_links to ../../build/rov_vision/rov_vision.egg-info/dependency_links.txt
writing entry points to ../../build/rov_vision/rov_vision.egg-info/entry_points.txt
writing requirements to ../../build/rov_vision/rov_vision.egg-info/requires.txt
writing top-level names to ../../build/rov_vision/rov_vision.egg-info/top_level.txt
reading manifest file '../../build/rov_vision/rov_vision.egg-info/SOURCES.txt'
writing manifest file '../../build/rov_vision/rov_vision.egg-info/SOURCES.txt'
running build
running build_py
copying rov_vision/pressure_publisher.py -> /home/akintay/Desktop/su-alti-gorev-row/build/rov_vision/build/lib/rov_vision
copying rov_vision/AnaROV.py -> /home/akintay/Desktop/su-alti-gorev-row/build/rov_vision/build/lib/rov_vision
copying rov_vision/test1.py -> /home/akintay/Desktop/su-alti-gorev-row/build/rov_vision/build/lib/rov_vision
copying rov_vision/autonomous_driver.py -> /home/akintay/Desktop/su-alti-gorev-row/build/rov_vision/build/lib/rov_vision
copying rov_vision/line_follower.py -> /home/akintay/Desktop/su-alti-gorev-row/build/rov_vision/build/lib/rov_vision
copying rov_vision/mission_navigation.py -> /home/akintay/Desktop/su-alti-gorev-row/build/rov_vision/build/lib/rov_vision
copying rov_vision/imu_publisher.py -> /home/akintay/Desktop/su-alti-gorev-row/build/rov_vision/build/lib/rov_vision
running install
running install_lib
copying /home/akintay/Desktop/su-alti-gorev-row/build/rov_vision/build/lib/rov_vision/pressure_publisher.py -> /home/akintay/Desktop/su-alti-gorev-row/install/rov_vision/lib/python3.10/site-packages/rov_vision
copying /home/akintay/Desktop/su-alti-gorev-row/build/rov_vision/build/lib/rov_vision/AnaROV.py -> /home/akintay/Desktop/su-alti-gorev-row/install/rov_vision/lib/python3.10/site-packages/rov_vision
copying /home/akintay/Desktop/su-alti-gorev-row/build/rov_vision/build/lib/rov_vision/test1.py -> /home/akintay/Desktop/su-alti-gorev-row/install/rov_vision/lib/python3.10/site-packages/rov_vision
copying /home/akintay/Desktop/su-alti-gorev-row/build/rov_vision/build/lib/rov_vision/autonomous_driver.py -> /home/akintay/Desktop/su-alti-gorev-row/install/rov_vision/lib/python3.10/site-packages/rov_vision
copying /home/akintay/Desktop/su-alti-gorev-row/build/rov_vision/build/lib/rov_vision/line_follower.py -> /home/akintay/Desktop/su-alti-gorev-row/install/rov_vision/lib/python3.10/site-packages/rov_vision
copying /home/akintay/Desktop/su-alti-gorev-row/build/rov_vision/build/lib/rov_vision/mission_navigation.py -> /home/akintay/Desktop/su-alti-gorev-row/install/rov_vision/lib/python3.10/site-packages/rov_vision
copying /home/akintay/Desktop/su-alti-gorev-row/build/rov_vision/build/lib/rov_vision/imu_publisher.py -> /home/akintay/Desktop/su-alti-gorev-row/install/rov_vision/lib/python3.10/site-packages/rov_vision
byte-compiling /home/akintay/Desktop/su-alti-gorev-row/install/rov_vision/lib/python3.10/site-packages/rov_vision/pressure_publisher.py to pressure_publisher.cpython-310.pyc
byte-compiling /home/akintay/Desktop/su-alti-gorev-row/install/rov_vision/lib/python3.10/site-packages/rov_vision/AnaROV.py to AnaROV.cpython-310.pyc
byte-compiling /home/akintay/Desktop/su-alti-gorev-row/install/rov_vision/lib/python3.10/site-packages/rov_vision/test1.py to test1.cpython-310.pyc
byte-compiling /home/akintay/Desktop/su-alti-gorev-row/install/rov_vision/lib/python3.10/site-packages/rov_vision/autonomous_driver.py to autonomous_driver.cpython-310.pyc
byte-compiling /home/akintay/Desktop/su-alti-gorev-row/install/rov_vision/lib/python3.10/site-packages/rov_vision/line_follower.py to line_follower.cpython-310.pyc
byte-compiling /home/akintay/Desktop/su-alti-gorev-row/install/rov_vision/lib/python3.10/site-packages/rov_vision/mission_navigation.py to mission_navigation.cpython-310.pyc
byte-compiling /home/akintay/Desktop/su-alti-gorev-row/install/rov_vision/lib/python3.10/site-packages/rov_vision/imu_publisher.py to imu_publisher.cpython-310.pyc
running install_data
copying package.xml -> /home/akintay/Desktop/su-alti-gorev-row/install/rov_vision/share/rov_vision
copying launch/autonomous_driver.launch.py -> /home/akintay/Desktop/su-alti-gorev-row/install/rov_vision/share/rov_vision/launch
running install_egg_info
removing '/home/akintay/Desktop/su-alti-gorev-row/install/rov_vision/lib/python3.10/site-packages/rov_vision-0.0.0-py3.10.egg-info' (and everything under it)
Copying ../../build/rov_vision/rov_vision.egg-info to /home/akintay/Desktop/su-alti-gorev-row/install/rov_vision/lib/python3.10/site-packages/rov_vision-0.0.0-py3.10.egg-info
running install_scripts
Installing autonomous_driver script to /home/akintay/Desktop/su-alti-gorev-row/install/rov_vision/lib/rov_vision
Installing distance_publisher script to /home/akintay/Desktop/su-alti-gorev-row/install/rov_vision/lib/rov_vision
Installing imu_publisher script to /home/akintay/Desktop/su-alti-gorev-row/install/rov_vision/lib/rov_vision
Installing line_follower script to /home/akintay/Desktop/su-alti-gorev-row/install/rov_vision/lib/rov_vision
Installing mission_orbit script to /home/akintay/Desktop/su-alti-gorev-row/install/rov_vision/lib/rov_vision
Installing pressure_publisher script to /home/akintay/Desktop/su-alti-gorev-row/install/rov_vision/lib/rov_vision
Installing test_serial script to /home/akintay/Desktop/su-alti-gorev-row/install/rov_vision/lib/rov_vision
Installing video_mission script to /home/akintay/Desktop/su-alti-gorev-row/install/rov_vision/lib/rov_vision
Installing video_publisher script to /home/akintay/Desktop/su-alti-gorev-row/install/rov_vision/lib/rov_vision
writing list of installed files to '/home/akintay/Desktop/su-alti-gorev-row/build/rov_vision/install.log'
