[1.573s] Invoking command in '/home/akintay/Desktop/su-alti-gorev-row/src/rov_vision': PYTHONPATH=/home/akintay/Desktop/su-alti-gorev-row/build/rov_vision/prefix_override:/usr/lib/python3/dist-packages/colcon_core/task/python/colcon_distutils_commands:/home/akintay/Desktop/su-alti-gorev-row/install/rov_vision/lib/python3.10/site-packages:${PYTHONPATH} /usr/bin/python3 -W ignore:setup.py install is deprecated -W ignore:easy_install command is deprecated setup.py egg_info --egg-base ../../build/rov_vision build --build-base /home/akintay/Desktop/su-alti-gorev-row/build/rov_vision/build install --record /home/akintay/Desktop/su-alti-gorev-row/build/rov_vision/install.log --install-scripts $base/lib/rov_vision --single-version-externally-managed install_data
[2.155s] running egg_info
[2.158s] writing ../../build/rov_vision/rov_vision.egg-info/PKG-INFO
[2.158s] writing dependency_links to ../../build/rov_vision/rov_vision.egg-info/dependency_links.txt
[2.159s] writing entry points to ../../build/rov_vision/rov_vision.egg-info/entry_points.txt
[2.160s] writing requirements to ../../build/rov_vision/rov_vision.egg-info/requires.txt
[2.160s] writing top-level names to ../../build/rov_vision/rov_vision.egg-info/top_level.txt
[2.166s] reading manifest file '../../build/rov_vision/rov_vision.egg-info/SOURCES.txt'
[2.171s] writing manifest file '../../build/rov_vision/rov_vision.egg-info/SOURCES.txt'
[2.173s] running build
[2.174s] running build_py
[2.174s] copying rov_vision/pressure_publisher.py -> /home/akintay/Desktop/su-alti-gorev-row/build/rov_vision/build/lib/rov_vision
[2.174s] copying rov_vision/AnaROV.py -> /home/akintay/Desktop/su-alti-gorev-row/build/rov_vision/build/lib/rov_vision
[2.175s] copying rov_vision/test1.py -> /home/akintay/Desktop/su-alti-gorev-row/build/rov_vision/build/lib/rov_vision
[2.175s] copying rov_vision/autonomous_driver.py -> /home/akintay/Desktop/su-alti-gorev-row/build/rov_vision/build/lib/rov_vision
[2.181s] copying rov_vision/line_follower.py -> /home/akintay/Desktop/su-alti-gorev-row/build/rov_vision/build/lib/rov_vision
[2.182s] copying rov_vision/mission_navigation.py -> /home/akintay/Desktop/su-alti-gorev-row/build/rov_vision/build/lib/rov_vision
[2.182s] copying rov_vision/imu_publisher.py -> /home/akintay/Desktop/su-alti-gorev-row/build/rov_vision/build/lib/rov_vision
[2.183s] running install
[2.183s] running install_lib
[2.184s] copying /home/akintay/Desktop/su-alti-gorev-row/build/rov_vision/build/lib/rov_vision/pressure_publisher.py -> /home/akintay/Desktop/su-alti-gorev-row/install/rov_vision/lib/python3.10/site-packages/rov_vision
[2.186s] copying /home/akintay/Desktop/su-alti-gorev-row/build/rov_vision/build/lib/rov_vision/AnaROV.py -> /home/akintay/Desktop/su-alti-gorev-row/install/rov_vision/lib/python3.10/site-packages/rov_vision
[2.187s] copying /home/akintay/Desktop/su-alti-gorev-row/build/rov_vision/build/lib/rov_vision/test1.py -> /home/akintay/Desktop/su-alti-gorev-row/install/rov_vision/lib/python3.10/site-packages/rov_vision
[2.188s] copying /home/akintay/Desktop/su-alti-gorev-row/build/rov_vision/build/lib/rov_vision/autonomous_driver.py -> /home/akintay/Desktop/su-alti-gorev-row/install/rov_vision/lib/python3.10/site-packages/rov_vision
[2.190s] copying /home/akintay/Desktop/su-alti-gorev-row/build/rov_vision/build/lib/rov_vision/line_follower.py -> /home/akintay/Desktop/su-alti-gorev-row/install/rov_vision/lib/python3.10/site-packages/rov_vision
[2.191s] copying /home/akintay/Desktop/su-alti-gorev-row/build/rov_vision/build/lib/rov_vision/mission_navigation.py -> /home/akintay/Desktop/su-alti-gorev-row/install/rov_vision/lib/python3.10/site-packages/rov_vision
[2.192s] copying /home/akintay/Desktop/su-alti-gorev-row/build/rov_vision/build/lib/rov_vision/imu_publisher.py -> /home/akintay/Desktop/su-alti-gorev-row/install/rov_vision/lib/python3.10/site-packages/rov_vision
[2.194s] byte-compiling /home/akintay/Desktop/su-alti-gorev-row/install/rov_vision/lib/python3.10/site-packages/rov_vision/pressure_publisher.py to pressure_publisher.cpython-310.pyc
[2.197s] byte-compiling /home/akintay/Desktop/su-alti-gorev-row/install/rov_vision/lib/python3.10/site-packages/rov_vision/AnaROV.py to AnaROV.cpython-310.pyc
[2.204s] byte-compiling /home/akintay/Desktop/su-alti-gorev-row/install/rov_vision/lib/python3.10/site-packages/rov_vision/test1.py to test1.cpython-310.pyc
[2.210s] byte-compiling /home/akintay/Desktop/su-alti-gorev-row/install/rov_vision/lib/python3.10/site-packages/rov_vision/autonomous_driver.py to autonomous_driver.cpython-310.pyc
[2.221s] byte-compiling /home/akintay/Desktop/su-alti-gorev-row/install/rov_vision/lib/python3.10/site-packages/rov_vision/line_follower.py to line_follower.cpython-310.pyc
[2.230s] byte-compiling /home/akintay/Desktop/su-alti-gorev-row/install/rov_vision/lib/python3.10/site-packages/rov_vision/mission_navigation.py to mission_navigation.cpython-310.pyc
[2.234s] byte-compiling /home/akintay/Desktop/su-alti-gorev-row/install/rov_vision/lib/python3.10/site-packages/rov_vision/imu_publisher.py to imu_publisher.cpython-310.pyc
[2.237s] running install_data
[2.237s] copying package.xml -> /home/akintay/Desktop/su-alti-gorev-row/install/rov_vision/share/rov_vision
[2.238s] copying launch/autonomous_driver.launch.py -> /home/akintay/Desktop/su-alti-gorev-row/install/rov_vision/share/rov_vision/launch
[2.238s] running install_egg_info
[2.243s] removing '/home/akintay/Desktop/su-alti-gorev-row/install/rov_vision/lib/python3.10/site-packages/rov_vision-0.0.0-py3.10.egg-info' (and everything under it)
[2.244s] Copying ../../build/rov_vision/rov_vision.egg-info to /home/akintay/Desktop/su-alti-gorev-row/install/rov_vision/lib/python3.10/site-packages/rov_vision-0.0.0-py3.10.egg-info
[2.247s] running install_scripts
[2.304s] Installing autonomous_driver script to /home/akintay/Desktop/su-alti-gorev-row/install/rov_vision/lib/rov_vision
[2.305s] Installing distance_publisher script to /home/akintay/Desktop/su-alti-gorev-row/install/rov_vision/lib/rov_vision
[2.305s] Installing imu_publisher script to /home/akintay/Desktop/su-alti-gorev-row/install/rov_vision/lib/rov_vision
[2.306s] Installing line_follower script to /home/akintay/Desktop/su-alti-gorev-row/install/rov_vision/lib/rov_vision
[2.306s] Installing mission_orbit script to /home/akintay/Desktop/su-alti-gorev-row/install/rov_vision/lib/rov_vision
[2.306s] Installing pressure_publisher script to /home/akintay/Desktop/su-alti-gorev-row/install/rov_vision/lib/rov_vision
[2.306s] Installing test_serial script to /home/akintay/Desktop/su-alti-gorev-row/install/rov_vision/lib/rov_vision
[2.306s] Installing video_mission script to /home/akintay/Desktop/su-alti-gorev-row/install/rov_vision/lib/rov_vision
[2.307s] Installing video_publisher script to /home/akintay/Desktop/su-alti-gorev-row/install/rov_vision/lib/rov_vision
[2.308s] writing list of installed files to '/home/akintay/Desktop/su-alti-gorev-row/build/rov_vision/install.log'
[2.393s] Invoked command in '/home/akintay/Desktop/su-alti-gorev-row/src/rov_vision' returned '0': PYTHONPATH=/home/akintay/Desktop/su-alti-gorev-row/build/rov_vision/prefix_override:/usr/lib/python3/dist-packages/colcon_core/task/python/colcon_distutils_commands:/home/akintay/Desktop/su-alti-gorev-row/install/rov_vision/lib/python3.10/site-packages:${PYTHONPATH} /usr/bin/python3 -W ignore:setup.py install is deprecated -W ignore:easy_install command is deprecated setup.py egg_info --egg-base ../../build/rov_vision build --build-base /home/akintay/Desktop/su-alti-gorev-row/build/rov_vision/build install --record /home/akintay/Desktop/su-alti-gorev-row/build/rov_vision/install.log --install-scripts $base/lib/rov_vision --single-version-externally-managed install_data
