[1.243s] Invoking command in '/home/akintay/Desktop/su-alti-gorev-row/src/rov_vision': PYTHONPATH=/home/akintay/Desktop/su-alti-gorev-row/build/rov_vision/prefix_override:/usr/lib/python3/dist-packages/colcon_core/task/python/colcon_distutils_commands:/home/akintay/Desktop/su-alti-gorev-row/install/rov_vision/lib/python3.10/site-packages:${PYTHONPATH} /usr/bin/python3 -W ignore:setup.py install is deprecated -W ignore:easy_install command is deprecated setup.py egg_info --egg-base ../../build/rov_vision build --build-base /home/akintay/Desktop/su-alti-gorev-row/build/rov_vision/build install --record /home/akintay/Desktop/su-alti-gorev-row/build/rov_vision/install.log --single-version-externally-managed install_data
[1.718s] running egg_info
[1.720s] writing ../../build/rov_vision/rov_vision.egg-info/PKG-INFO
[1.723s] writing dependency_links to ../../build/rov_vision/rov_vision.egg-info/dependency_links.txt
[1.723s] writing entry points to ../../build/rov_vision/rov_vision.egg-info/entry_points.txt
[1.724s] writing requirements to ../../build/rov_vision/rov_vision.egg-info/requires.txt
[1.724s] writing top-level names to ../../build/rov_vision/rov_vision.egg-info/top_level.txt
[1.727s] reading manifest file '../../build/rov_vision/rov_vision.egg-info/SOURCES.txt'
[1.729s] writing manifest file '../../build/rov_vision/rov_vision.egg-info/SOURCES.txt'
[1.729s] running build
[1.729s] running build_py
[1.730s] copying rov_vision/AnaROV.py -> /home/akintay/Desktop/su-alti-gorev-row/build/rov_vision/build/lib/rov_vision
[1.730s] copying rov_vision/video_mission.py -> /home/akintay/Desktop/su-alti-gorev-row/build/rov_vision/build/lib/rov_vision
[1.731s] copying rov_vision/distance_publisher.py -> /home/akintay/Desktop/su-alti-gorev-row/build/rov_vision/build/lib/rov_vision
[1.731s] copying rov_vision/MiniROV_yer_istasyonu.py -> /home/akintay/Desktop/su-alti-gorev-row/build/rov_vision/build/lib/rov_vision
[1.731s] copying rov_vision/MiniROV_yer_istasyonu (1).py -> /home/akintay/Desktop/su-alti-gorev-row/build/rov_vision/build/lib/rov_vision
[1.732s] running install
[1.732s] running install_lib
[1.734s] copying /home/akintay/Desktop/su-alti-gorev-row/build/rov_vision/build/lib/rov_vision/AnaROV.py -> /home/akintay/Desktop/su-alti-gorev-row/install/rov_vision/lib/python3.10/site-packages/rov_vision
[1.734s] copying /home/akintay/Desktop/su-alti-gorev-row/build/rov_vision/build/lib/rov_vision/video_mission.py -> /home/akintay/Desktop/su-alti-gorev-row/install/rov_vision/lib/python3.10/site-packages/rov_vision
[1.735s] copying /home/akintay/Desktop/su-alti-gorev-row/build/rov_vision/build/lib/rov_vision/distance_publisher.py -> /home/akintay/Desktop/su-alti-gorev-row/install/rov_vision/lib/python3.10/site-packages/rov_vision
[1.735s] copying /home/akintay/Desktop/su-alti-gorev-row/build/rov_vision/build/lib/rov_vision/MiniROV_yer_istasyonu.py -> /home/akintay/Desktop/su-alti-gorev-row/install/rov_vision/lib/python3.10/site-packages/rov_vision
[1.735s] copying /home/akintay/Desktop/su-alti-gorev-row/build/rov_vision/build/lib/rov_vision/MiniROV_yer_istasyonu (1).py -> /home/akintay/Desktop/su-alti-gorev-row/install/rov_vision/lib/python3.10/site-packages/rov_vision
[1.737s] byte-compiling /home/akintay/Desktop/su-alti-gorev-row/install/rov_vision/lib/python3.10/site-packages/rov_vision/AnaROV.py to AnaROV.cpython-310.pyc
[1.741s] byte-compiling /home/akintay/Desktop/su-alti-gorev-row/install/rov_vision/lib/python3.10/site-packages/rov_vision/video_mission.py to video_mission.cpython-310.pyc
[1.745s] byte-compiling /home/akintay/Desktop/su-alti-gorev-row/install/rov_vision/lib/python3.10/site-packages/rov_vision/distance_publisher.py to distance_publisher.cpython-310.pyc
[1.747s] byte-compiling /home/akintay/Desktop/su-alti-gorev-row/install/rov_vision/lib/python3.10/site-packages/rov_vision/MiniROV_yer_istasyonu.py to MiniROV_yer_istasyonu.cpython-310.pyc
[1.747s] byte-compiling /home/akintay/Desktop/su-alti-gorev-row/install/rov_vision/lib/python3.10/site-packages/rov_vision/MiniROV_yer_istasyonu (1).py to MiniROV_yer_istasyonu (1).cpython-310.pyc
[1.750s] running install_data
[1.751s] running install_egg_info
[1.755s] removing '/home/akintay/Desktop/su-alti-gorev-row/install/rov_vision/lib/python3.10/site-packages/rov_vision-0.0.0-py3.10.egg-info' (and everything under it)
[1.755s] Copying ../../build/rov_vision/rov_vision.egg-info to /home/akintay/Desktop/su-alti-gorev-row/install/rov_vision/lib/python3.10/site-packages/rov_vision-0.0.0-py3.10.egg-info
[1.757s] running install_scripts
[1.795s] Installing autonomous_driver script to /home/akintay/Desktop/su-alti-gorev-row/install/rov_vision/lib/rov_vision
[1.795s] Installing distance_publisher script to /home/akintay/Desktop/su-alti-gorev-row/install/rov_vision/lib/rov_vision
[1.796s] Installing line_follower script to /home/akintay/Desktop/su-alti-gorev-row/install/rov_vision/lib/rov_vision
[1.796s] Installing mission_orbit script to /home/akintay/Desktop/su-alti-gorev-row/install/rov_vision/lib/rov_vision
[1.796s] Installing video_mission script to /home/akintay/Desktop/su-alti-gorev-row/install/rov_vision/lib/rov_vision
[1.796s] Installing video_publisher script to /home/akintay/Desktop/su-alti-gorev-row/install/rov_vision/lib/rov_vision
[1.797s] writing list of installed files to '/home/akintay/Desktop/su-alti-gorev-row/build/rov_vision/install.log'
[1.866s] Invoked command in '/home/akintay/Desktop/su-alti-gorev-row/src/rov_vision' returned '0': PYTHONPATH=/home/akintay/Desktop/su-alti-gorev-row/build/rov_vision/prefix_override:/usr/lib/python3/dist-packages/colcon_core/task/python/colcon_distutils_commands:/home/akintay/Desktop/su-alti-gorev-row/install/rov_vision/lib/python3.10/site-packages:${PYTHONPATH} /usr/bin/python3 -W ignore:setup.py install is deprecated -W ignore:easy_install command is deprecated setup.py egg_info --egg-base ../../build/rov_vision build --build-base /home/akintay/Desktop/su-alti-gorev-row/build/rov_vision/build install --record /home/akintay/Desktop/su-alti-gorev-row/build/rov_vision/install.log --single-version-externally-managed install_data
