[0.265s] [34mcolcon[0m [1;30mDEBUG[0m [32mCommand line arguments: ['/usr/bin/colcon', 'build', '--packages-select', 'rov_vision'][0m
[0.265s] [34mcolcon[0m [1;30mDEBUG[0m [32mParsed command line arguments: Namespace(log_base=None, log_level=None, verb_name='build', build_base='build', install_base='install', merge_install=False, symlink_install=False, test_result_base=None, continue_on_error=False, executor='parallel', parallel_workers=6, event_handlers=None, ignore_user_meta=False, metas=['./colcon.meta'], base_paths=['.'], packages_ignore=None, packages_ignore_regex=None, paths=None, packages_up_to=None, packages_up_to_regex=None, packages_above=None, packages_above_and_dependencies=None, packages_above_depth=None, packages_select_by_dep=None, packages_skip_by_dep=None, packages_skip_up_to=None, packages_select_build_failed=False, packages_skip_build_finished=False, packages_select_test_failures=False, packages_skip_test_passed=False, packages_select=['rov_vision'], packages_skip=None, packages_select_regex=None, packages_skip_regex=None, packages_start=None, packages_end=None, allow_overriding=[], cmake_args=None, cmake_target=None, cmake_target_skip_unavailable=False, cmake_clean_cache=False, cmake_clean_first=False, cmake_force_configure=False, ament_cmake_args=None, catkin_cmake_args=None, catkin_skip_building_tests=False, mixin_files=None, mixin=None, verb_parser=<colcon_mixin.mixin.mixin_argument.MixinArgumentDecorator object at 0xffffbcdccd30>, verb_extension=<colcon_core.verb.build.BuildVerb object at 0xffffbcdcc7c0>, main=<bound method BuildVerb.main of <colcon_core.verb.build.BuildVerb object at 0xffffbcdcc7c0>>, mixin_verb=('build',))[0m
[0.656s] [34mcolcon.colcon_core.package_discovery[0m [1;30mLevel 1[0m discover_packages(colcon_meta) check parameters
[0.656s] [34mcolcon.colcon_core.package_discovery[0m [1;30mLevel 1[0m discover_packages(recursive) check parameters
[0.656s] [34mcolcon.colcon_core.package_discovery[0m [1;30mLevel 1[0m discover_packages(ignore) check parameters
[0.656s] [34mcolcon.colcon_core.package_discovery[0m [1;30mLevel 1[0m discover_packages(path) check parameters
[0.656s] [34mcolcon.colcon_core.package_discovery[0m [1;30mLevel 1[0m discover_packages(colcon_meta) discover
[0.657s] [34mcolcon.colcon_core.package_discovery[0m [1;30mLevel 1[0m discover_packages(recursive) discover
[0.657s] [34mcolcon.colcon_core.package_discovery[0m [1;30mINFO[0m Crawling recursively for packages in '/home/akintay/Desktop/su-alti-gorev-row'
[0.657s] [34mcolcon.colcon_core.package_identification[0m [1;30mLevel 1[0m _identify(.) by extensions ['ignore', 'ignore_ament_install']
[0.657s] [34mcolcon.colcon_core.package_identification[0m [1;30mLevel 1[0m _identify(.) by extension 'ignore'
[0.658s] [34mcolcon.colcon_core.package_identification[0m [1;30mLevel 1[0m _identify(.) by extension 'ignore_ament_install'
[0.658s] [34mcolcon.colcon_core.package_identification[0m [1;30mLevel 1[0m _identify(.) by extensions ['colcon_pkg']
[0.658s] [34mcolcon.colcon_core.package_identification[0m [1;30mLevel 1[0m _identify(.) by extension 'colcon_pkg'
[0.658s] [34mcolcon.colcon_core.package_identification[0m [1;30mLevel 1[0m _identify(.) by extensions ['colcon_meta']
[0.658s] [34mcolcon.colcon_core.package_identification[0m [1;30mLevel 1[0m _identify(.) by extension 'colcon_meta'
[0.658s] [34mcolcon.colcon_core.package_identification[0m [1;30mLevel 1[0m _identify(.) by extensions ['ros']
[0.658s] [34mcolcon.colcon_core.package_identification[0m [1;30mLevel 1[0m _identify(.) by extension 'ros'
[0.710s] [34mcolcon.colcon_core.package_identification[0m [1;30mLevel 1[0m _identify(.) by extensions ['cmake', 'python']
[0.710s] [34mcolcon.colcon_core.package_identification[0m [1;30mLevel 1[0m _identify(.) by extension 'cmake'
[0.710s] [34mcolcon.colcon_core.package_identification[0m [1;30mLevel 1[0m _identify(.) by extension 'python'
[0.710s] [34mcolcon.colcon_core.package_identification[0m [1;30mLevel 1[0m _identify(.) by extensions ['python_setup_py']
[0.711s] [34mcolcon.colcon_core.package_identification[0m [1;30mLevel 1[0m _identify(.) by extension 'python_setup_py'
[0.711s] [34mcolcon.colcon_core.package_identification[0m [1;30mLevel 1[0m _identify(build) by extensions ['ignore', 'ignore_ament_install']
[0.711s] [34mcolcon.colcon_core.package_identification[0m [1;30mLevel 1[0m _identify(build) by extension 'ignore'
[0.711s] [34mcolcon.colcon_core.package_identification[0m [1;30mLevel 1[0m _identify(build) ignored
[0.711s] [34mcolcon.colcon_core.package_identification[0m [1;30mLevel 1[0m _identify(install) by extensions ['ignore', 'ignore_ament_install']
[0.712s] [34mcolcon.colcon_core.package_identification[0m [1;30mLevel 1[0m _identify(install) by extension 'ignore'
[0.712s] [34mcolcon.colcon_core.package_identification[0m [1;30mLevel 1[0m _identify(install) ignored
[0.712s] [34mcolcon.colcon_core.package_identification[0m [1;30mLevel 1[0m _identify(log) by extensions ['ignore', 'ignore_ament_install']
[0.712s] [34mcolcon.colcon_core.package_identification[0m [1;30mLevel 1[0m _identify(log) by extension 'ignore'
[0.712s] [34mcolcon.colcon_core.package_identification[0m [1;30mLevel 1[0m _identify(log) ignored
[0.712s] [34mcolcon.colcon_core.package_identification[0m [1;30mLevel 1[0m _identify(src) by extensions ['ignore', 'ignore_ament_install']
[0.713s] [34mcolcon.colcon_core.package_identification[0m [1;30mLevel 1[0m _identify(src) by extension 'ignore'
[0.713s] [34mcolcon.colcon_core.package_identification[0m [1;30mLevel 1[0m _identify(src) by extension 'ignore_ament_install'
[0.713s] [34mcolcon.colcon_core.package_identification[0m [1;30mLevel 1[0m _identify(src) by extensions ['colcon_pkg']
[0.713s] [34mcolcon.colcon_core.package_identification[0m [1;30mLevel 1[0m _identify(src) by extension 'colcon_pkg'
[0.713s] [34mcolcon.colcon_core.package_identification[0m [1;30mLevel 1[0m _identify(src) by extensions ['colcon_meta']
[0.713s] [34mcolcon.colcon_core.package_identification[0m [1;30mLevel 1[0m _identify(src) by extension 'colcon_meta'
[0.713s] [34mcolcon.colcon_core.package_identification[0m [1;30mLevel 1[0m _identify(src) by extensions ['ros']
[0.713s] [34mcolcon.colcon_core.package_identification[0m [1;30mLevel 1[0m _identify(src) by extension 'ros'
[0.714s] [34mcolcon.colcon_core.package_identification[0m [1;30mLevel 1[0m _identify(src) by extensions ['cmake', 'python']
[0.714s] [34mcolcon.colcon_core.package_identification[0m [1;30mLevel 1[0m _identify(src) by extension 'cmake'
[0.714s] [34mcolcon.colcon_core.package_identification[0m [1;30mLevel 1[0m _identify(src) by extension 'python'
[0.714s] [34mcolcon.colcon_core.package_identification[0m [1;30mLevel 1[0m _identify(src) by extensions ['python_setup_py']
[0.714s] [34mcolcon.colcon_core.package_identification[0m [1;30mLevel 1[0m _identify(src) by extension 'python_setup_py'
[0.714s] [34mcolcon.colcon_core.package_identification[0m [1;30mLevel 1[0m _identify(src/rov_vision) by extensions ['ignore', 'ignore_ament_install']
[0.714s] [34mcolcon.colcon_core.package_identification[0m [1;30mLevel 1[0m _identify(src/rov_vision) by extension 'ignore'
[0.714s] [34mcolcon.colcon_core.package_identification[0m [1;30mLevel 1[0m _identify(src/rov_vision) by extension 'ignore_ament_install'
[0.715s] [34mcolcon.colcon_core.package_identification[0m [1;30mLevel 1[0m _identify(src/rov_vision) by extensions ['colcon_pkg']
[0.715s] [34mcolcon.colcon_core.package_identification[0m [1;30mLevel 1[0m _identify(src/rov_vision) by extension 'colcon_pkg'
[0.715s] [34mcolcon.colcon_core.package_identification[0m [1;30mLevel 1[0m _identify(src/rov_vision) by extensions ['colcon_meta']
[0.715s] [34mcolcon.colcon_core.package_identification[0m [1;30mLevel 1[0m _identify(src/rov_vision) by extension 'colcon_meta'
[0.715s] [34mcolcon.colcon_core.package_identification[0m [1;30mLevel 1[0m _identify(src/rov_vision) by extensions ['ros']
[0.715s] [34mcolcon.colcon_core.package_identification[0m [1;30mLevel 1[0m _identify(src/rov_vision) by extension 'ros'
[0.721s] [34mcolcon.colcon_core.package_identification[0m [1;30mDEBUG[0m [32mPackage 'src/rov_vision' with type 'ros.ament_python' and name 'rov_vision'[0m
[0.721s] [34mcolcon.colcon_core.package_discovery[0m [1;30mLevel 1[0m discover_packages(recursive) using defaults
[0.722s] [34mcolcon.colcon_core.package_discovery[0m [1;30mLevel 1[0m discover_packages(ignore) discover
[0.722s] [34mcolcon.colcon_core.package_discovery[0m [1;30mLevel 1[0m discover_packages(ignore) using defaults
[0.722s] [34mcolcon.colcon_core.package_discovery[0m [1;30mLevel 1[0m discover_packages(path) discover
[0.722s] [34mcolcon.colcon_core.package_discovery[0m [1;30mLevel 1[0m discover_packages(path) using defaults
[0.756s] [34mcolcon.colcon_core.package_discovery[0m [1;30mLevel 1[0m discover_packages(prefix_path) check parameters
[0.756s] [34mcolcon.colcon_core.package_discovery[0m [1;30mLevel 1[0m discover_packages(prefix_path) discover
[0.759s] [34mcolcon.colcon_installed_package_information.package_discovery[0m [1;30mDEBUG[0m [32mFound 1 installed packages in /home/akintay/Desktop/su-alti-gorev-row/install[0m
[0.760s] [34mcolcon.colcon_installed_package_information.package_discovery[0m [1;30mDEBUG[0m [32mFound 0 installed packages in /home/akintay/teknofest_ros_kodlari/install[0m
[0.762s] [34mcolcon.colcon_installed_package_information.package_discovery[0m [1;30mDEBUG[0m [32mFound 273 installed packages in /opt/ros/humble[0m
[0.765s] [34mcolcon.colcon_core.package_discovery[0m [1;30mLevel 1[0m discover_packages(prefix_path) using defaults
[0.844s] [34mcolcon.colcon_core.verb[0m [1;30mLevel 5[0m set package 'rov_vision' build argument 'cmake_args' from command line to 'None'
[0.844s] [34mcolcon.colcon_core.verb[0m [1;30mLevel 5[0m set package 'rov_vision' build argument 'cmake_target' from command line to 'None'
[0.844s] [34mcolcon.colcon_core.verb[0m [1;30mLevel 5[0m set package 'rov_vision' build argument 'cmake_target_skip_unavailable' from command line to 'False'
[0.844s] [34mcolcon.colcon_core.verb[0m [1;30mLevel 5[0m set package 'rov_vision' build argument 'cmake_clean_cache' from command line to 'False'
[0.845s] [34mcolcon.colcon_core.verb[0m [1;30mLevel 5[0m set package 'rov_vision' build argument 'cmake_clean_first' from command line to 'False'
[0.845s] [34mcolcon.colcon_core.verb[0m [1;30mLevel 5[0m set package 'rov_vision' build argument 'cmake_force_configure' from command line to 'False'
[0.845s] [34mcolcon.colcon_core.verb[0m [1;30mLevel 5[0m set package 'rov_vision' build argument 'ament_cmake_args' from command line to 'None'
[0.845s] [34mcolcon.colcon_core.verb[0m [1;30mLevel 5[0m set package 'rov_vision' build argument 'catkin_cmake_args' from command line to 'None'
[0.845s] [34mcolcon.colcon_core.verb[0m [1;30mLevel 5[0m set package 'rov_vision' build argument 'catkin_skip_building_tests' from command line to 'False'
[0.845s] [34mcolcon.colcon_core.verb[0m [1;30mDEBUG[0m [32mBuilding package 'rov_vision' with the following arguments: {'ament_cmake_args': None, 'build_base': '/home/akintay/Desktop/su-alti-gorev-row/build/rov_vision', 'catkin_cmake_args': None, 'catkin_skip_building_tests': False, 'cmake_args': None, 'cmake_clean_cache': False, 'cmake_clean_first': False, 'cmake_force_configure': False, 'cmake_target': None, 'cmake_target_skip_unavailable': False, 'install_base': '/home/akintay/Desktop/su-alti-gorev-row/install/rov_vision', 'merge_install': False, 'path': '/home/akintay/Desktop/su-alti-gorev-row/src/rov_vision', 'symlink_install': False, 'test_result_base': None}[0m
[0.845s] [34mcolcon.colcon_core.executor[0m [1;30mINFO[0m Executing jobs using 'parallel' executor
[0.848s] [34mcolcon.colcon_parallel_executor.executor.parallel[0m [1;30mDEBUG[0m [32mrun_until_complete[0m
[0.848s] [34mcolcon.colcon_ros.task.ament_python.build[0m [1;30mINFO[0m Building ROS package in '/home/akintay/Desktop/su-alti-gorev-row/src/rov_vision' with build type 'ament_python'
[0.849s] [34mcolcon.colcon_core.shell[0m [1;30mLevel 1[0m create_environment_hook('rov_vision', 'ament_prefix_path')
[0.853s] [34mcolcon.colcon_core.plugin_system[0m [1;30mINFO[0m Skipping extension 'colcon_core.shell.bat': Not used on non-Windows systems
[0.853s] [34mcolcon.colcon_core.shell[0m [1;30mINFO[0m Creating environment hook '/home/akintay/Desktop/su-alti-gorev-row/install/rov_vision/share/rov_vision/hook/ament_prefix_path.ps1'
[0.855s] [34mcolcon.colcon_core.shell[0m [1;30mINFO[0m Creating environment descriptor '/home/akintay/Desktop/su-alti-gorev-row/install/rov_vision/share/rov_vision/hook/ament_prefix_path.dsv'
[0.856s] [34mcolcon.colcon_core.shell[0m [1;30mINFO[0m Creating environment hook '/home/akintay/Desktop/su-alti-gorev-row/install/rov_vision/share/rov_vision/hook/ament_prefix_path.sh'
[0.857s] [34mcolcon.colcon_core.shell[0m [1;30mINFO[0m Skip shell extension 'powershell' for command environment: Not usable outside of PowerShell
[0.857s] [34mcolcon.colcon_core.shell[0m [1;30mDEBUG[0m [32mSkip shell extension 'dsv' for command environment[0m
[1.480s] [34mcolcon.colcon_core.task.python.build[0m [1;30mINFO[0m Building Python package in '/home/akintay/Desktop/su-alti-gorev-row/src/rov_vision'
[1.481s] [34mcolcon.colcon_core.shell[0m [1;30mINFO[0m Skip shell extension 'powershell' for command environment: Not usable outside of PowerShell
[1.481s] [34mcolcon.colcon_core.shell[0m [1;30mDEBUG[0m [32mSkip shell extension 'dsv' for command environment[0m
[2.267s] [34mcolcon.colcon_core.task.python.build[0m [1;30mDEBUG[0m [32mAvailable setuptools commands: bdist_egg, bdist_rpm, sdist, install_egg_info, clean, setopt, develop, saveopts, easy_install, install_lib, egg_info, symlink_data, upload, register, install_data, dist_info, rotate, install_headers, build_ext, build, build_clib, build_py, upload_docs, bdist_dumb, bdist_wheel, install_scripts, install, build_scripts, test, alias, check, bdist[0m
[2.276s] [34mcolcon.colcon_core.event_handler.log_command[0m [1;30mDEBUG[0m [32mInvoking command in '/home/akintay/Desktop/su-alti-gorev-row/src/rov_vision': PYTHONPATH=/home/akintay/Desktop/su-alti-gorev-row/build/rov_vision/prefix_override:/usr/lib/python3/dist-packages/colcon_core/task/python/colcon_distutils_commands:/home/akintay/Desktop/su-alti-gorev-row/install/rov_vision/lib/python3.10/site-packages:${PYTHONPATH} /usr/bin/python3 -W ignore:setup.py install is deprecated -W ignore:easy_install command is deprecated setup.py egg_info --egg-base ../../build/rov_vision build --build-base /home/akintay/Desktop/su-alti-gorev-row/build/rov_vision/build install --record /home/akintay/Desktop/su-alti-gorev-row/build/rov_vision/install.log --install-scripts $base/lib/rov_vision --single-version-externally-managed install_data[0m
[2.994s] [34mcolcon.colcon_core.event_handler.log_command[0m [1;30mDEBUG[0m [32mInvoked command in '/home/akintay/Desktop/su-alti-gorev-row/src/rov_vision' returned '0': PYTHONPATH=/home/akintay/Desktop/su-alti-gorev-row/build/rov_vision/prefix_override:/usr/lib/python3/dist-packages/colcon_core/task/python/colcon_distutils_commands:/home/akintay/Desktop/su-alti-gorev-row/install/rov_vision/lib/python3.10/site-packages:${PYTHONPATH} /usr/bin/python3 -W ignore:setup.py install is deprecated -W ignore:easy_install command is deprecated setup.py egg_info --egg-base ../../build/rov_vision build --build-base /home/akintay/Desktop/su-alti-gorev-row/build/rov_vision/build install --record /home/akintay/Desktop/su-alti-gorev-row/build/rov_vision/install.log --install-scripts $base/lib/rov_vision --single-version-externally-managed install_data[0m
[3.002s] [34mcolcon.colcon_core.environment[0m [1;30mLevel 1[0m checking '/home/akintay/Desktop/su-alti-gorev-row/install/rov_vision' for CMake module files
[3.004s] [34mcolcon.colcon_core.environment[0m [1;30mLevel 1[0m checking '/home/akintay/Desktop/su-alti-gorev-row/install/rov_vision' for CMake config files
[3.007s] [34mcolcon.colcon_core.environment[0m [1;30mLevel 1[0m checking '/home/akintay/Desktop/su-alti-gorev-row/install/rov_vision/lib'
[3.008s] [34mcolcon.colcon_core.environment[0m [1;30mLevel 1[0m checking '/home/akintay/Desktop/su-alti-gorev-row/install/rov_vision/bin'
[3.008s] [34mcolcon.colcon_core.environment[0m [1;30mLevel 1[0m checking '/home/akintay/Desktop/su-alti-gorev-row/install/rov_vision/lib/pkgconfig/rov_vision.pc'
[3.009s] [34mcolcon.colcon_core.environment[0m [1;30mLevel 1[0m checking '/home/akintay/Desktop/su-alti-gorev-row/install/rov_vision/lib/python3.10/site-packages'
[3.010s] [34mcolcon.colcon_core.shell[0m [1;30mLevel 1[0m create_environment_hook('rov_vision', 'pythonpath')
[3.011s] [34mcolcon.colcon_core.shell[0m [1;30mINFO[0m Creating environment hook '/home/akintay/Desktop/su-alti-gorev-row/install/rov_vision/share/rov_vision/hook/pythonpath.ps1'
[3.013s] [34mcolcon.colcon_core.shell[0m [1;30mINFO[0m Creating environment descriptor '/home/akintay/Desktop/su-alti-gorev-row/install/rov_vision/share/rov_vision/hook/pythonpath.dsv'
[3.013s] [34mcolcon.colcon_core.shell[0m [1;30mINFO[0m Creating environment hook '/home/akintay/Desktop/su-alti-gorev-row/install/rov_vision/share/rov_vision/hook/pythonpath.sh'
[3.015s] [34mcolcon.colcon_core.environment[0m [1;30mLevel 1[0m checking '/home/akintay/Desktop/su-alti-gorev-row/install/rov_vision/bin'
[3.015s] [34mcolcon.colcon_core.environment[0m [1;30mLevel 1[0m create_environment_scripts_only(rov_vision)
[3.016s] [34mcolcon.colcon_core.shell[0m [1;30mINFO[0m Creating package script '/home/akintay/Desktop/su-alti-gorev-row/install/rov_vision/share/rov_vision/package.ps1'
[3.021s] [34mcolcon.colcon_core.shell[0m [1;30mINFO[0m Creating package descriptor '/home/akintay/Desktop/su-alti-gorev-row/install/rov_vision/share/rov_vision/package.dsv'
[3.023s] [34mcolcon.colcon_core.shell[0m [1;30mINFO[0m Creating package script '/home/akintay/Desktop/su-alti-gorev-row/install/rov_vision/share/rov_vision/package.sh'
[3.024s] [34mcolcon.colcon_core.shell[0m [1;30mINFO[0m Creating package script '/home/akintay/Desktop/su-alti-gorev-row/install/rov_vision/share/rov_vision/package.bash'
[3.027s] [34mcolcon.colcon_core.shell[0m [1;30mINFO[0m Creating package script '/home/akintay/Desktop/su-alti-gorev-row/install/rov_vision/share/rov_vision/package.zsh'
[3.029s] [34mcolcon.colcon_core.environment[0m [1;30mLevel 1[0m create_file_with_runtime_dependencies(/home/akintay/Desktop/su-alti-gorev-row/install/rov_vision/share/colcon-core/packages/rov_vision)
[3.030s] [34mcolcon.colcon_parallel_executor.executor.parallel[0m [1;30mDEBUG[0m [32mclosing loop[0m
[3.031s] [34mcolcon.colcon_parallel_executor.executor.parallel[0m [1;30mDEBUG[0m [32mloop closed[0m
[3.031s] [34mcolcon.colcon_parallel_executor.executor.parallel[0m [1;30mDEBUG[0m [32mrun_until_complete finished with '0'[0m
[3.032s] [34mcolcon.colcon_core.event_reactor[0m [1;30mDEBUG[0m [32mjoining thread[0m
[3.051s] [34mcolcon.colcon_core.plugin_system[0m [1;30mINFO[0m Skipping extension 'colcon_notification.desktop_notification.terminal_notifier': Not used on non-Darwin systems
[3.051s] [34mcolcon.colcon_core.plugin_system[0m [1;30mINFO[0m Skipping extension 'colcon_notification.desktop_notification.win32': Not used on non-Windows systems
[3.052s] [34mcolcon.colcon_notification.desktop_notification[0m [1;30mINFO[0m Sending desktop notification using 'notify2'
[3.096s] [34mcolcon.colcon_core.event_reactor[0m [1;30mDEBUG[0m [32mjoined thread[0m
[3.098s] [34mcolcon.colcon_core.shell[0m [1;30mINFO[0m Creating prefix script '/home/akintay/Desktop/su-alti-gorev-row/install/local_setup.ps1'
[3.102s] [34mcolcon.colcon_core.shell[0m [1;30mINFO[0m Creating prefix util module '/home/akintay/Desktop/su-alti-gorev-row/install/_local_setup_util_ps1.py'
[3.108s] [34mcolcon.colcon_core.shell[0m [1;30mINFO[0m Creating prefix chain script '/home/akintay/Desktop/su-alti-gorev-row/install/setup.ps1'
[3.115s] [34mcolcon.colcon_core.shell[0m [1;30mINFO[0m Creating prefix script '/home/akintay/Desktop/su-alti-gorev-row/install/local_setup.sh'
[3.117s] [34mcolcon.colcon_core.shell[0m [1;30mINFO[0m Creating prefix util module '/home/akintay/Desktop/su-alti-gorev-row/install/_local_setup_util_sh.py'
[3.119s] [34mcolcon.colcon_core.shell[0m [1;30mINFO[0m Creating prefix chain script '/home/akintay/Desktop/su-alti-gorev-row/install/setup.sh'
[3.123s] [34mcolcon.colcon_core.shell[0m [1;30mINFO[0m Creating prefix script '/home/akintay/Desktop/su-alti-gorev-row/install/local_setup.bash'
[3.125s] [34mcolcon.colcon_core.shell[0m [1;30mINFO[0m Creating prefix chain script '/home/akintay/Desktop/su-alti-gorev-row/install/setup.bash'
[3.129s] [34mcolcon.colcon_core.shell[0m [1;30mINFO[0m Creating prefix script '/home/akintay/Desktop/su-alti-gorev-row/install/local_setup.zsh'
[3.130s] [34mcolcon.colcon_core.shell[0m [1;30mINFO[0m Creating prefix chain script '/home/akintay/Desktop/su-alti-gorev-row/install/setup.zsh'
