[1.507s] Invoking command in '/home/akintay/Desktop/su-alti-gorev-row/src/rov_vision': PYTHONPATH=/home/akintay/Desktop/su-alti-gorev-row/build/rov_vision/prefix_override:/usr/lib/python3/dist-packages/colcon_core/task/python/colcon_distutils_commands:/home/akintay/Desktop/su-alti-gorev-row/install/rov_vision/lib/python3.10/site-packages:${PYTHONPATH} /usr/bin/python3 -W ignore:setup.py install is deprecated -W ignore:easy_install command is deprecated setup.py egg_info --egg-base ../../build/rov_vision build --build-base /home/akintay/Desktop/su-alti-gorev-row/build/rov_vision/build install --record /home/akintay/Desktop/su-alti-gorev-row/build/rov_vision/install.log --install-scripts $base/lib/rov_vision --single-version-externally-managed install_data
[2.060s] running egg_info
[2.062s] writing ../../build/rov_vision/rov_vision.egg-info/PKG-INFO
[2.063s] writing dependency_links to ../../build/rov_vision/rov_vision.egg-info/dependency_links.txt
[2.063s] writing entry points to ../../build/rov_vision/rov_vision.egg-info/entry_points.txt
[2.063s] writing requirements to ../../build/rov_vision/rov_vision.egg-info/requires.txt
[2.064s] writing top-level names to ../../build/rov_vision/rov_vision.egg-info/top_level.txt
[2.068s] reading manifest file '../../build/rov_vision/rov_vision.egg-info/SOURCES.txt'
[2.070s] writing manifest file '../../build/rov_vision/rov_vision.egg-info/SOURCES.txt'
[2.071s] running build
[2.071s] running build_py
[2.071s] copying rov_vision/pressure_publisher.py -> /home/akintay/Desktop/su-alti-gorev-row/build/rov_vision/build/lib/rov_vision
[2.072s] copying rov_vision/video_mission.py -> /home/akintay/Desktop/su-alti-gorev-row/build/rov_vision/build/lib/rov_vision
[2.072s] copying rov_vision/test_serial_jetson.py -> /home/akintay/Desktop/su-alti-gorev-row/build/rov_vision/build/lib/rov_vision
[2.073s] copying rov_vision/autonomous_driver.py -> /home/akintay/Desktop/su-alti-gorev-row/build/rov_vision/build/lib/rov_vision
[2.073s] copying rov_vision/imu_publisher.py -> /home/akintay/Desktop/su-alti-gorev-row/build/rov_vision/build/lib/rov_vision
[2.074s] running install
[2.075s] running install_lib
[2.076s] copying /home/akintay/Desktop/su-alti-gorev-row/build/rov_vision/build/lib/rov_vision/pressure_publisher.py -> /home/akintay/Desktop/su-alti-gorev-row/install/rov_vision/lib/python3.10/site-packages/rov_vision
[2.077s] copying /home/akintay/Desktop/su-alti-gorev-row/build/rov_vision/build/lib/rov_vision/video_mission.py -> /home/akintay/Desktop/su-alti-gorev-row/install/rov_vision/lib/python3.10/site-packages/rov_vision
[2.078s] copying /home/akintay/Desktop/su-alti-gorev-row/build/rov_vision/build/lib/rov_vision/test_serial_jetson.py -> /home/akintay/Desktop/su-alti-gorev-row/install/rov_vision/lib/python3.10/site-packages/rov_vision
[2.078s] copying /home/akintay/Desktop/su-alti-gorev-row/build/rov_vision/build/lib/rov_vision/autonomous_driver.py -> /home/akintay/Desktop/su-alti-gorev-row/install/rov_vision/lib/python3.10/site-packages/rov_vision
[2.079s] copying /home/akintay/Desktop/su-alti-gorev-row/build/rov_vision/build/lib/rov_vision/imu_publisher.py -> /home/akintay/Desktop/su-alti-gorev-row/install/rov_vision/lib/python3.10/site-packages/rov_vision
[2.080s] byte-compiling /home/akintay/Desktop/su-alti-gorev-row/install/rov_vision/lib/python3.10/site-packages/rov_vision/pressure_publisher.py to pressure_publisher.cpython-310.pyc
[2.082s] byte-compiling /home/akintay/Desktop/su-alti-gorev-row/install/rov_vision/lib/python3.10/site-packages/rov_vision/video_mission.py to video_mission.cpython-310.pyc
[2.087s] byte-compiling /home/akintay/Desktop/su-alti-gorev-row/install/rov_vision/lib/python3.10/site-packages/rov_vision/test_serial_jetson.py to test_serial_jetson.cpython-310.pyc
[2.091s] byte-compiling /home/akintay/Desktop/su-alti-gorev-row/install/rov_vision/lib/python3.10/site-packages/rov_vision/autonomous_driver.py to autonomous_driver.cpython-310.pyc
[2.098s] byte-compiling /home/akintay/Desktop/su-alti-gorev-row/install/rov_vision/lib/python3.10/site-packages/rov_vision/imu_publisher.py to imu_publisher.cpython-310.pyc
[2.100s] running install_data
[2.100s] copying package.xml -> /home/akintay/Desktop/su-alti-gorev-row/install/rov_vision/share/rov_vision
[2.101s] copying launch/autonomous_driver.launch.py -> /home/akintay/Desktop/su-alti-gorev-row/install/rov_vision/share/rov_vision/launch
[2.101s] running install_egg_info
[2.105s] removing '/home/akintay/Desktop/su-alti-gorev-row/install/rov_vision/lib/python3.10/site-packages/rov_vision-0.0.0-py3.10.egg-info' (and everything under it)
[2.106s] Copying ../../build/rov_vision/rov_vision.egg-info to /home/akintay/Desktop/su-alti-gorev-row/install/rov_vision/lib/python3.10/site-packages/rov_vision-0.0.0-py3.10.egg-info
[2.108s] running install_scripts
[2.156s] Installing autonomous_driver script to /home/akintay/Desktop/su-alti-gorev-row/install/rov_vision/lib/rov_vision
[2.156s] Installing distance_publisher script to /home/akintay/Desktop/su-alti-gorev-row/install/rov_vision/lib/rov_vision
[2.156s] Installing imu_publisher script to /home/akintay/Desktop/su-alti-gorev-row/install/rov_vision/lib/rov_vision
[2.157s] Installing line_follower script to /home/akintay/Desktop/su-alti-gorev-row/install/rov_vision/lib/rov_vision
[2.157s] Installing mission_orbit script to /home/akintay/Desktop/su-alti-gorev-row/install/rov_vision/lib/rov_vision
[2.157s] Installing pressure_publisher script to /home/akintay/Desktop/su-alti-gorev-row/install/rov_vision/lib/rov_vision
[2.157s] Installing test_serial script to /home/akintay/Desktop/su-alti-gorev-row/install/rov_vision/lib/rov_vision
[2.158s] Installing video_mission script to /home/akintay/Desktop/su-alti-gorev-row/install/rov_vision/lib/rov_vision
[2.158s] Installing video_publisher script to /home/akintay/Desktop/su-alti-gorev-row/install/rov_vision/lib/rov_vision
[2.159s] writing list of installed files to '/home/akintay/Desktop/su-alti-gorev-row/build/rov_vision/install.log'
[2.233s] Invoked command in '/home/akintay/Desktop/su-alti-gorev-row/src/rov_vision' returned '0': PYTHONPATH=/home/akintay/Desktop/su-alti-gorev-row/build/rov_vision/prefix_override:/usr/lib/python3/dist-packages/colcon_core/task/python/colcon_distutils_commands:/home/akintay/Desktop/su-alti-gorev-row/install/rov_vision/lib/python3.10/site-packages:${PYTHONPATH} /usr/bin/python3 -W ignore:setup.py install is deprecated -W ignore:easy_install command is deprecated setup.py egg_info --egg-base ../../build/rov_vision build --build-base /home/akintay/Desktop/su-alti-gorev-row/build/rov_vision/build install --record /home/akintay/Desktop/su-alti-gorev-row/build/rov_vision/install.log --install-scripts $base/lib/rov_vision --single-version-externally-managed install_data
