/home/akintay/Desktop/su-alti-gorev-row/install/rov_vision/lib/python3.10/site-packages/rov_vision/pressure_publisher.py
/home/akintay/Desktop/su-alti-gorev-row/install/rov_vision/lib/python3.10/site-packages/rov_vision/mission_orbit.py
/home/akintay/Desktop/su-alti-gorev-row/install/rov_vision/lib/python3.10/site-packages/rov_vision/AnaROV.py
/home/akintay/Desktop/su-alti-gorev-row/install/rov_vision/lib/python3.10/site-packages/rov_vision/ground_link.py
/home/akintay/Desktop/su-alti-gorev-row/install/rov_vision/lib/python3.10/site-packages/rov_vision/video_mission.py
/home/akintay/Desktop/su-alti-gorev-row/install/rov_vision/lib/python3.10/site-packages/rov_vision/distance_publisher.py
/home/akintay/Desktop/su-alti-gorev-row/install/rov_vision/lib/python3.10/site-packages/rov_vision/__init__.py
/home/akintay/Desktop/su-alti-gorev-row/install/rov_vision/lib/python3.10/site-packages/rov_vision/MiniROV_yer_istasyonu.py
/home/akintay/Desktop/su-alti-gorev-row/install/rov_vision/lib/python3.10/site-packages/rov_vision/rov_bridge.py
/home/akintay/Desktop/su-alti-gorev-row/install/rov_vision/lib/python3.10/site-packages/rov_vision/yer_istasyonu.py
/home/akintay/Desktop/su-alti-gorev-row/install/rov_vision/lib/python3.10/site-packages/rov_vision/video_streamer.py
/home/akintay/Desktop/su-alti-gorev-row/install/rov_vision/lib/python3.10/site-packages/rov_vision/hardware_test.py
/home/akintay/Desktop/su-alti-gorev-row/install/rov_vision/lib/python3.10/site-packages/rov_vision/imu_debug.py
/home/akintay/Desktop/su-alti-gorev-row/install/rov_vision/lib/python3.10/site-packages/rov_vision/ros2_video_streamer.py
/home/akintay/Desktop/su-alti-gorev-row/install/rov_vision/lib/python3.10/site-packages/rov_vision/test1.py
/home/akintay/Desktop/su-alti-gorev-row/install/rov_vision/lib/python3.10/site-packages/rov_vision/test_serial_jetson.py
/home/akintay/Desktop/su-alti-gorev-row/install/rov_vision/lib/python3.10/site-packages/rov_vision/video_publisher.py
/home/akintay/Desktop/su-alti-gorev-row/install/rov_vision/lib/python3.10/site-packages/rov_vision/autonomous_driver.py
/home/akintay/Desktop/su-alti-gorev-row/install/rov_vision/lib/python3.10/site-packages/rov_vision/line_follower.py
/home/akintay/Desktop/su-alti-gorev-row/install/rov_vision/lib/python3.10/site-packages/rov_vision/mission_navigation.py
/home/akintay/Desktop/su-alti-gorev-row/install/rov_vision/lib/python3.10/site-packages/rov_vision/imu_publisher.py
/home/akintay/Desktop/su-alti-gorev-row/install/rov_vision/lib/python3.10/site-packages/rov_vision/__pycache__/pressure_publisher.cpython-310.pyc
/home/akintay/Desktop/su-alti-gorev-row/install/rov_vision/lib/python3.10/site-packages/rov_vision/__pycache__/mission_orbit.cpython-310.pyc
/home/akintay/Desktop/su-alti-gorev-row/install/rov_vision/lib/python3.10/site-packages/rov_vision/__pycache__/AnaROV.cpython-310.pyc
/home/akintay/Desktop/su-alti-gorev-row/install/rov_vision/lib/python3.10/site-packages/rov_vision/__pycache__/ground_link.cpython-310.pyc
/home/akintay/Desktop/su-alti-gorev-row/install/rov_vision/lib/python3.10/site-packages/rov_vision/__pycache__/video_mission.cpython-310.pyc
/home/akintay/Desktop/su-alti-gorev-row/install/rov_vision/lib/python3.10/site-packages/rov_vision/__pycache__/distance_publisher.cpython-310.pyc
/home/akintay/Desktop/su-alti-gorev-row/install/rov_vision/lib/python3.10/site-packages/rov_vision/__pycache__/__init__.cpython-310.pyc
/home/akintay/Desktop/su-alti-gorev-row/install/rov_vision/lib/python3.10/site-packages/rov_vision/__pycache__/MiniROV_yer_istasyonu.cpython-310.pyc
/home/akintay/Desktop/su-alti-gorev-row/install/rov_vision/lib/python3.10/site-packages/rov_vision/__pycache__/rov_bridge.cpython-310.pyc
/home/akintay/Desktop/su-alti-gorev-row/install/rov_vision/lib/python3.10/site-packages/rov_vision/__pycache__/yer_istasyonu.cpython-310.pyc
/home/akintay/Desktop/su-alti-gorev-row/install/rov_vision/lib/python3.10/site-packages/rov_vision/__pycache__/video_streamer.cpython-310.pyc
/home/akintay/Desktop/su-alti-gorev-row/install/rov_vision/lib/python3.10/site-packages/rov_vision/__pycache__/hardware_test.cpython-310.pyc
/home/akintay/Desktop/su-alti-gorev-row/install/rov_vision/lib/python3.10/site-packages/rov_vision/__pycache__/imu_debug.cpython-310.pyc
/home/akintay/Desktop/su-alti-gorev-row/install/rov_vision/lib/python3.10/site-packages/rov_vision/__pycache__/ros2_video_streamer.cpython-310.pyc
/home/akintay/Desktop/su-alti-gorev-row/install/rov_vision/lib/python3.10/site-packages/rov_vision/__pycache__/test1.cpython-310.pyc
/home/akintay/Desktop/su-alti-gorev-row/install/rov_vision/lib/python3.10/site-packages/rov_vision/__pycache__/test_serial_jetson.cpython-310.pyc
/home/akintay/Desktop/su-alti-gorev-row/install/rov_vision/lib/python3.10/site-packages/rov_vision/__pycache__/video_publisher.cpython-310.pyc
/home/akintay/Desktop/su-alti-gorev-row/install/rov_vision/lib/python3.10/site-packages/rov_vision/__pycache__/autonomous_driver.cpython-310.pyc
/home/akintay/Desktop/su-alti-gorev-row/install/rov_vision/lib/python3.10/site-packages/rov_vision/__pycache__/line_follower.cpython-310.pyc
/home/akintay/Desktop/su-alti-gorev-row/install/rov_vision/lib/python3.10/site-packages/rov_vision/__pycache__/mission_navigation.cpython-310.pyc
/home/akintay/Desktop/su-alti-gorev-row/install/rov_vision/lib/python3.10/site-packages/rov_vision/__pycache__/imu_publisher.cpython-310.pyc
/home/akintay/Desktop/su-alti-gorev-row/install/rov_vision/share/ament_index/resource_index/packages/rov_vision
/home/akintay/Desktop/su-alti-gorev-row/install/rov_vision/share/rov_vision/package.xml
/home/akintay/Desktop/su-alti-gorev-row/install/rov_vision/share/rov_vision/launch/line_follower.launch.py
/home/akintay/Desktop/su-alti-gorev-row/install/rov_vision/share/rov_vision/launch/autonomous_driver.launch.py
/home/akintay/Desktop/su-alti-gorev-row/install/rov_vision/share/rov_vision/launch/altay_bringup.launch.py
/home/akintay/Desktop/su-alti-gorev-row/install/rov_vision/lib/python3.10/site-packages/rov_vision-0.0.0-py3.10.egg-info/zip-safe
/home/akintay/Desktop/su-alti-gorev-row/install/rov_vision/lib/python3.10/site-packages/rov_vision-0.0.0-py3.10.egg-info/dependency_links.txt
/home/akintay/Desktop/su-alti-gorev-row/install/rov_vision/lib/python3.10/site-packages/rov_vision-0.0.0-py3.10.egg-info/PKG-INFO
/home/akintay/Desktop/su-alti-gorev-row/install/rov_vision/lib/python3.10/site-packages/rov_vision-0.0.0-py3.10.egg-info/entry_points.txt
/home/akintay/Desktop/su-alti-gorev-row/install/rov_vision/lib/python3.10/site-packages/rov_vision-0.0.0-py3.10.egg-info/requires.txt
/home/akintay/Desktop/su-alti-gorev-row/install/rov_vision/lib/python3.10/site-packages/rov_vision-0.0.0-py3.10.egg-info/SOURCES.txt
/home/akintay/Desktop/su-alti-gorev-row/install/rov_vision/lib/python3.10/site-packages/rov_vision-0.0.0-py3.10.egg-info/top_level.txt
/home/akintay/Desktop/su-alti-gorev-row/install/rov_vision/lib/rov_vision/autonomous_driver
/home/akintay/Desktop/su-alti-gorev-row/install/rov_vision/lib/rov_vision/distance_publisher
/home/akintay/Desktop/su-alti-gorev-row/install/rov_vision/lib/rov_vision/ground_link
/home/akintay/Desktop/su-alti-gorev-row/install/rov_vision/lib/rov_vision/imu_publisher
/home/akintay/Desktop/su-alti-gorev-row/install/rov_vision/lib/rov_vision/line_follower
/home/akintay/Desktop/su-alti-gorev-row/install/rov_vision/lib/rov_vision/mission_orbit
/home/akintay/Desktop/su-alti-gorev-row/install/rov_vision/lib/rov_vision/pressure_publisher
/home/akintay/Desktop/su-alti-gorev-row/install/rov_vision/lib/rov_vision/ros2_video_streamer
/home/akintay/Desktop/su-alti-gorev-row/install/rov_vision/lib/rov_vision/rov_bridge
/home/akintay/Desktop/su-alti-gorev-row/install/rov_vision/lib/rov_vision/test_serial
/home/akintay/Desktop/su-alti-gorev-row/install/rov_vision/lib/rov_vision/video_mission
/home/akintay/Desktop/su-alti-gorev-row/install/rov_vision/lib/rov_vision/video_publisher
