[1.532s] Invoking command in '/home/akintay/Desktop/su-alti-gorev-row/src/rov_vision': PYTHONPATH=/home/akintay/Desktop/su-alti-gorev-row/build/rov_vision/prefix_override:/usr/lib/python3/dist-packages/colcon_core/task/python/colcon_distutils_commands:/home/akintay/Desktop/su-alti-gorev-row/install/rov_vision/lib/python3.10/site-packages:${PYTHONPATH} /usr/bin/python3 -W ignore:setup.py install is deprecated -W ignore:easy_install command is deprecated setup.py egg_info --egg-base ../../build/rov_vision build --build-base /home/akintay/Desktop/su-alti-gorev-row/build/rov_vision/build install --record /home/akintay/Desktop/su-alti-gorev-row/build/rov_vision/install.log --install-scripts $base/lib/rov_vision --single-version-externally-managed install_data
[2.100s] running egg_info
[2.102s] writing ../../build/rov_vision/rov_vision.egg-info/PKG-INFO
[2.103s] writing dependency_links to ../../build/rov_vision/rov_vision.egg-info/dependency_links.txt
[2.103s] writing entry points to ../../build/rov_vision/rov_vision.egg-info/entry_points.txt
[2.104s] writing requirements to ../../build/rov_vision/rov_vision.egg-info/requires.txt
[2.104s] writing top-level names to ../../build/rov_vision/rov_vision.egg-info/top_level.txt
[2.109s] reading manifest file '../../build/rov_vision/rov_vision.egg-info/SOURCES.txt'
[2.112s] writing manifest file '../../build/rov_vision/rov_vision.egg-info/SOURCES.txt'
[2.112s] running build
[2.112s] running build_py
[2.113s] copying rov_vision/ros2_video_streamer.py -> /home/akintay/Desktop/su-alti-gorev-row/build/rov_vision/build/lib/rov_vision
[2.114s] copying rov_vision/imu_publisher.py -> /home/akintay/Desktop/su-alti-gorev-row/build/rov_vision/build/lib/rov_vision
[2.115s] running install
[2.116s] running install_lib
[2.118s] copying /home/akintay/Desktop/su-alti-gorev-row/build/rov_vision/build/lib/rov_vision/ros2_video_streamer.py -> /home/akintay/Desktop/su-alti-gorev-row/install/rov_vision/lib/python3.10/site-packages/rov_vision
[2.119s] copying /home/akintay/Desktop/su-alti-gorev-row/build/rov_vision/build/lib/rov_vision/imu_publisher.py -> /home/akintay/Desktop/su-alti-gorev-row/install/rov_vision/lib/python3.10/site-packages/rov_vision
[2.120s] byte-compiling /home/akintay/Desktop/su-alti-gorev-row/install/rov_vision/lib/python3.10/site-packages/rov_vision/ros2_video_streamer.py to ros2_video_streamer.cpython-310.pyc
[2.123s] byte-compiling /home/akintay/Desktop/su-alti-gorev-row/install/rov_vision/lib/python3.10/site-packages/rov_vision/imu_publisher.py to imu_publisher.cpython-310.pyc
[2.126s] running install_data
[2.126s] running install_egg_info
[2.130s] removing '/home/akintay/Desktop/su-alti-gorev-row/install/rov_vision/lib/python3.10/site-packages/rov_vision-0.0.0-py3.10.egg-info' (and everything under it)
[2.131s] Copying ../../build/rov_vision/rov_vision.egg-info to /home/akintay/Desktop/su-alti-gorev-row/install/rov_vision/lib/python3.10/site-packages/rov_vision-0.0.0-py3.10.egg-info
[2.133s] running install_scripts
[2.180s] Installing autonomous_driver script to /home/akintay/Desktop/su-alti-gorev-row/install/rov_vision/lib/rov_vision
[2.181s] Installing distance_publisher script to /home/akintay/Desktop/su-alti-gorev-row/install/rov_vision/lib/rov_vision
[2.181s] Installing imu_publisher script to /home/akintay/Desktop/su-alti-gorev-row/install/rov_vision/lib/rov_vision
[2.181s] Installing line_follower script to /home/akintay/Desktop/su-alti-gorev-row/install/rov_vision/lib/rov_vision
[2.182s] Installing mission_orbit script to /home/akintay/Desktop/su-alti-gorev-row/install/rov_vision/lib/rov_vision
[2.182s] Installing pressure_publisher script to /home/akintay/Desktop/su-alti-gorev-row/install/rov_vision/lib/rov_vision
[2.182s] Installing ros2_video_streamer script to /home/akintay/Desktop/su-alti-gorev-row/install/rov_vision/lib/rov_vision
[2.182s] Installing test_serial script to /home/akintay/Desktop/su-alti-gorev-row/install/rov_vision/lib/rov_vision
[2.183s] Installing video_mission script to /home/akintay/Desktop/su-alti-gorev-row/install/rov_vision/lib/rov_vision
[2.183s] Installing video_publisher script to /home/akintay/Desktop/su-alti-gorev-row/install/rov_vision/lib/rov_vision
[2.185s] writing list of installed files to '/home/akintay/Desktop/su-alti-gorev-row/build/rov_vision/install.log'
[2.260s] Invoked command in '/home/akintay/Desktop/su-alti-gorev-row/src/rov_vision' returned '0': PYTHONPATH=/home/akintay/Desktop/su-alti-gorev-row/build/rov_vision/prefix_override:/usr/lib/python3/dist-packages/colcon_core/task/python/colcon_distutils_commands:/home/akintay/Desktop/su-alti-gorev-row/install/rov_vision/lib/python3.10/site-packages:${PYTHONPATH} /usr/bin/python3 -W ignore:setup.py install is deprecated -W ignore:easy_install command is deprecated setup.py egg_info --egg-base ../../build/rov_vision build --build-base /home/akintay/Desktop/su-alti-gorev-row/build/rov_vision/build install --record /home/akintay/Desktop/su-alti-gorev-row/build/rov_vision/install.log --install-scripts $base/lib/rov_vision --single-version-externally-managed install_data
